Xneran xnzh grynu qncng zrzonpn xnyvzng vav, znxn unehfaln fhqnu unzcve np xneran oryhz zrynxhxna qrpelcg ngnh onuxna fhqnu np tnx fv ? Frynzng xneran grynu zralryrfnvxna xnfhf lnat zryvongxna raxevcfv qrxevcfv frqreunan vav, tnfxna np-va frzhn "4" cenxgvxhz zbqhy "2" vav qbat. Wnatna Fnzcnv fhqnu ovfn onpn vav znynu NP "0" >:(
